// Jest Snapshot v1, https://goo.gl/fbAQLP

exports[`SlideSkeleton Should render 1`] = `
.c0 {
  width: 100%;
  height: 100%;
  -webkit-animation: cKAanV 1s linear infinite forwards;
  animation: cKAanV 1s linear infinite forwards;
  position: relative;
}

<body>
  <div>
    <div
      class="c0"
    />
  </div>
</body>
`;
