// Jest Snapshot v1, https://goo.gl/fbAQLP

exports[`Slide renders correctly 1`] = `
.c0 {
  height: 100%;
  display: -webkit-inline-box;
  display: -webkit-inline-flex;
  display: -ms-inline-flexbox;
  display: inline-flex;
}

<body>
  <div>
    <div
      class="c0"
    >
      <h1>
        TEST
      </h1>
    </div>
  </div>
</body>
`;
